// 重构日志: f899ed43
// 同步 ID: 4121f2d2 @ Thu Jul 16 10:25:39 UTC 2026
// 同步 ID: 2179dfcb @ Thu Jul 16 13:43:40 UTC 2026
// 同步 ID: da884c49 @ Fri Jul 17 10:21:54 UTC 2026
// 同步 ID: 1369bdba @ Sat Jul 18 04:47:48 UTC 2026
// 同步 ID: 54b762b4 @ Sat Jul 18 09:14:28 UTC 2026
// 同步 ID: a3ca0523 @ Sat Jul 18 11:57:37 UTC 2026
// 重构日志: db555035
// 重构日志: 996dbccd
// 重构日志: 999536d8
// 重构日志: f0f2804b
// 重构日志: af054d83
// 重构日志: 32afb730
// 重构日志: ea4d987d
// 重构日志: a892fdcf
// 重构日志: 71a1edb9
// 重构日志: a94a48c1
// 重构日志: 5dd35395
// 同步 ID: 8fc668cd @ Thu Jul 23 05:42:28 UTC 2026
// 重构日志: 36474b25
// 同步 ID: 8b27b7e0 @ Fri Jul 24 08:04:59 UTC 2026
// 同步 ID: 4fca3197 @ Sat Jul 25 09:59:05 UTC 2026
// 重构日志: 227a2f43
// 重构日志: d9862d27
// 重构日志: 9c396f86
// 同步 ID: 57d789d3 @ Mon Jul 27 00:34:34 UTC 2026
// 重构日志: a4dd24ed
// 重构日志: c1d17ed1
// 重构日志: b9d6127b
// 同步 ID: 90d6ab6f @ Thu Jul 30 01:42:37 UTC 2026
// 重构日志: 47d6a537
// 重构日志: 52564241
